// Jest Snapshot v1, https://goo.gl/fbAQLP

exports[`<EditNotice /> with no props should match the snapshot 1`] = `"<div data-testid=\\"edit-instructions\\">광고가 없습니다.</div>"`;

exports[`<EditNotice /> with other props should match the snapshot 1`] = `"<div><div data-testid=\\"edit-notices\\"><div class=\\"MuiPaper-root makeStyles-paper-1 MuiPaper-elevation1 MuiPaper-rounded\\"><div data-testid=\\"component-edit-noticepaper\\"><div class=\\"MuiFormControl-root MuiTextField-root MuiFormControl-fullWidth\\" data-testid=\\"title\\"><label class=\\"MuiFormLabel-root MuiInputLabel-root MuiInputLabel-formControl MuiInputLabel-animated MuiInputLabel-shrink MuiFormLabel-filled\\" data-shrink=\\"true\\">Title</label><div class=\\"MuiInputBase-root MuiInput-root MuiInput-underline MuiInputBase-fullWidth MuiInput-fullWidth MuiInputBase-formControl MuiInput-formControl\\"><input type=\\"text\\" aria-invalid=\\"false\\" value=\\"title1\\" class=\\"MuiInputBase-input MuiInput-input\\"/></div></div><div class=\\"MuiFormControl-root MuiTextField-root MuiFormControl-fullWidth\\" data-testid=\\"content\\"><label class=\\"MuiFormLabel-root MuiInputLabel-root MuiInputLabel-formControl MuiInputLabel-animated MuiInputLabel-shrink MuiFormLabel-filled\\" data-shrink=\\"true\\" for=\\"standard-multiline-flexible\\" id=\\"standard-multiline-flexible-label\\">Content</label><div class=\\"MuiInputBase-root MuiInput-root MuiInput-underline MuiInputBase-fullWidth MuiInput-fullWidth MuiInputBase-formControl MuiInput-formControl MuiInputBase-multiline MuiInput-multiline\\"><textarea rows=\\"1\\" aria-invalid=\\"false\\" id=\\"standard-multiline-flexible\\" class=\\"MuiInputBase-input MuiInput-input MuiInputBase-inputMultiline MuiInput-inputMultiline\\">content1</textarea><textarea aria-hidden=\\"true\\" class=\\"MuiInputBase-input MuiInput-input MuiInputBase-inputMultiline MuiInput-inputMultiline\\" readonly=\\"\\" tabindex=\\"-1\\" style=\\"visibility:hidden;position:absolute;overflow:hidden;height:0;top:0;left:0;transform:translateZ(0)\\"></textarea></div></div><button class=\\"MuiButtonBase-root MuiButton-root MuiButton-text\\" tabindex=\\"0\\" type=\\"button\\" data-testid=\\"submit\\"><span class=\\"MuiButton-label\\">Update notice</span></button></div></div></div><div data-testid=\\"edit-notices\\"><div class=\\"MuiPaper-root makeStyles-paper-1 MuiPaper-elevation1 MuiPaper-rounded\\"><div data-testid=\\"component-edit-noticepaper\\"><div class=\\"MuiFormControl-root MuiTextField-root MuiFormControl-fullWidth\\" data-testid=\\"title\\"><label class=\\"MuiFormLabel-root MuiInputLabel-root MuiInputLabel-formControl MuiInputLabel-animated MuiInputLabel-shrink MuiFormLabel-filled\\" data-shrink=\\"true\\">Title</label><div class=\\"MuiInputBase-root MuiInput-root MuiInput-underline MuiInputBase-fullWidth MuiInput-fullWidth MuiInputBase-formControl MuiInput-formControl\\"><input type=\\"text\\" aria-invalid=\\"false\\" value=\\"title2\\" class=\\"MuiInputBase-input MuiInput-input\\"/></div></div><div class=\\"MuiFormControl-root MuiTextField-root MuiFormControl-fullWidth\\" data-testid=\\"content\\"><label class=\\"MuiFormLabel-root MuiInputLabel-root MuiInputLabel-formControl MuiInputLabel-animated MuiInputLabel-shrink MuiFormLabel-filled\\" data-shrink=\\"true\\" for=\\"standard-multiline-flexible\\" id=\\"standard-multiline-flexible-label\\">Content</label><div class=\\"MuiInputBase-root MuiInput-root MuiInput-underline MuiInputBase-fullWidth MuiInput-fullWidth MuiInputBase-formControl MuiInput-formControl MuiInputBase-multiline MuiInput-multiline\\"><textarea rows=\\"1\\" aria-invalid=\\"false\\" id=\\"standard-multiline-flexible\\" class=\\"MuiInputBase-input MuiInput-input MuiInputBase-inputMultiline MuiInput-inputMultiline\\">content2</textarea><textarea aria-hidden=\\"true\\" class=\\"MuiInputBase-input MuiInput-input MuiInputBase-inputMultiline MuiInput-inputMultiline\\" readonly=\\"\\" tabindex=\\"-1\\" style=\\"visibility:hidden;position:absolute;overflow:hidden;height:0;top:0;left:0;transform:translateZ(0)\\"></textarea></div></div><button class=\\"MuiButtonBase-root MuiButton-root MuiButton-text\\" tabindex=\\"0\\" type=\\"button\\" data-testid=\\"submit\\"><span class=\\"MuiButton-label\\">Update notice</span></button></div></div></div><div data-testid=\\"edit-notices\\"><div class=\\"MuiPaper-root makeStyles-paper-1 MuiPaper-elevation1 MuiPaper-rounded\\"><div data-testid=\\"component-edit-noticepaper\\"><div class=\\"MuiFormControl-root MuiTextField-root MuiFormControl-fullWidth\\" data-testid=\\"title\\"><label class=\\"MuiFormLabel-root MuiInputLabel-root MuiInputLabel-formControl MuiInputLabel-animated MuiInputLabel-shrink MuiFormLabel-filled\\" data-shrink=\\"true\\">Title</label><div class=\\"MuiInputBase-root MuiInput-root MuiInput-underline MuiInputBase-fullWidth MuiInput-fullWidth MuiInputBase-formControl MuiInput-formControl\\"><input type=\\"text\\" aria-invalid=\\"false\\" value=\\"title3\\" class=\\"MuiInputBase-input MuiInput-input\\"/></div></div><div class=\\"MuiFormControl-root MuiTextField-root MuiFormControl-fullWidth\\" data-testid=\\"content\\"><label class=\\"MuiFormLabel-root MuiInputLabel-root MuiInputLabel-formControl MuiInputLabel-animated MuiInputLabel-shrink MuiFormLabel-filled\\" data-shrink=\\"true\\" for=\\"standard-multiline-flexible\\" id=\\"standard-multiline-flexible-label\\">Content</label><div class=\\"MuiInputBase-root MuiInput-root MuiInput-underline MuiInputBase-fullWidth MuiInput-fullWidth MuiInputBase-formControl MuiInput-formControl MuiInputBase-multiline MuiInput-multiline\\"><textarea rows=\\"1\\" aria-invalid=\\"false\\" id=\\"standard-multiline-flexible\\" class=\\"MuiInputBase-input MuiInput-input MuiInputBase-inputMultiline MuiInput-inputMultiline\\">content3</textarea><textarea aria-hidden=\\"true\\" class=\\"MuiInputBase-input MuiInput-input MuiInputBase-inputMultiline MuiInput-inputMultiline\\" readonly=\\"\\" tabindex=\\"-1\\" style=\\"visibility:hidden;position:absolute;overflow:hidden;height:0;top:0;left:0;transform:translateZ(0)\\"></textarea></div></div><button class=\\"MuiButtonBase-root MuiButton-root MuiButton-text\\" tabindex=\\"0\\" type=\\"button\\" data-testid=\\"submit\\"><span class=\\"MuiButton-label\\">Update notice</span></button></div></div></div></div>"`;

exports[`<EditNotice /> with undefined should match the snapshot 1`] = `"<div data-testid=\\"edit-loading\\">Loading...</div>"`;
