// Jest Snapshot v1, https://goo.gl/fbAQLP

exports[`<NoticeCreator /> should match the snapshot 1`] = `"<div class=\\"MuiFormControl-root MuiTextField-root MuiFormControl-fullWidth\\" data-testid=\\"title\\"><label class=\\"MuiFormLabel-root MuiInputLabel-root MuiInputLabel-formControl MuiInputLabel-animated\\" data-shrink=\\"false\\">Title</label><div class=\\"MuiInputBase-root MuiInput-root MuiInput-underline MuiInputBase-fullWidth MuiInput-fullWidth MuiInputBase-formControl MuiInput-formControl\\"><input aria-invalid=\\"false\\" type=\\"text\\" class=\\"MuiInputBase-input MuiInput-input\\" value=\\"\\"></div></div><div class=\\"MuiFormControl-root MuiTextField-root MuiFormControl-fullWidth\\" data-testid=\\"content\\"><label class=\\"MuiFormLabel-root MuiInputLabel-root MuiInputLabel-formControl MuiInputLabel-animated\\" data-shrink=\\"false\\" for=\\"standard-multiline-flexible\\" id=\\"standard-multiline-flexible-label\\">Content</label><div class=\\"MuiInputBase-root MuiInput-root MuiInput-underline MuiInputBase-fullWidth MuiInput-fullWidth MuiInputBase-formControl MuiInput-formControl MuiInputBase-multiline MuiInput-multiline\\"><textarea rows=\\"1\\" aria-invalid=\\"false\\" id=\\"standard-multiline-flexible\\" class=\\"MuiInputBase-input MuiInput-input MuiInputBase-inputMultiline MuiInput-inputMultiline\\" style=\\"height: 0px; overflow: hidden;\\"></textarea><textarea aria-hidden=\\"true\\" class=\\"MuiInputBase-input MuiInput-input MuiInputBase-inputMultiline MuiInput-inputMultiline\\" readonly=\\"\\" tabindex=\\"-1\\" style=\\"visibility: hidden; position: absolute; overflow: hidden; height: 0px; top: 0px; left: 0px; transform: translateZ(0); width: 100%;\\"></textarea></div></div><button class=\\"MuiButtonBase-root MuiButton-root MuiButton-text\\" tabindex=\\"0\\" type=\\"button\\" data-testid=\\"submit\\"><span class=\\"MuiButton-label\\">Create new notice</span><span class=\\"MuiTouchRipple-root\\"></span></button>"`;
